###############################################################################
#
# IAR ELF Linker V3.10.1.201 for STM8                     22/Sep/2017  20:39:37
# Copyright 2010-2017 IAR Systems AB.
#
#    Output file  =  
#        D:\userdata\mypro\STM8L10X\工程模版\PROJECT\Release\Exe\prj1.out
#    Map file     =  
#        D:\userdata\mypro\STM8L10X\工程模版\PROJECT\Release\List\prj1.map
#    Command line =  
#        -f C:\Users\MrBlu\AppData\Local\Temp\EW873B.tmp
#        (D:\userdata\mypro\STM8L10X\工程模版\PROJECT\Release\Obj\CC1101.o
#        D:\userdata\mypro\STM8L10X\工程模版\PROJECT\Release\Obj\flash.o
#        D:\userdata\mypro\STM8L10X\工程模版\PROJECT\Release\Obj\GPIO.o
#        D:\userdata\mypro\STM8L10X\工程模版\PROJECT\Release\Obj\led.o
#        D:\userdata\mypro\STM8L10X\工程模版\PROJECT\Release\Obj\main.o
#        D:\userdata\mypro\STM8L10X\工程模版\PROJECT\Release\Obj\RF.o
#        D:\userdata\mypro\STM8L10X\工程模版\PROJECT\Release\Obj\spi.o
#        D:\userdata\mypro\STM8L10X\工程模版\PROJECT\Release\Obj\stm8l10x_awu.o
#        D:\userdata\mypro\STM8L10X\工程模版\PROJECT\Release\Obj\stm8l10x_beep.o
#        D:\userdata\mypro\STM8L10X\工程模版\PROJECT\Release\Obj\stm8l10x_clk.o
#        D:\userdata\mypro\STM8L10X\工程模版\PROJECT\Release\Obj\stm8l10x_comp.o
#        D:\userdata\mypro\STM8L10X\工程模版\PROJECT\Release\Obj\stm8l10x_exti.o
#        D:\userdata\mypro\STM8L10X\工程模版\PROJECT\Release\Obj\stm8l10x_flash.o
#        D:\userdata\mypro\STM8L10X\工程模版\PROJECT\Release\Obj\stm8l10x_gpio.o
#        D:\userdata\mypro\STM8L10X\工程模版\PROJECT\Release\Obj\stm8l10x_i2c.o
#        D:\userdata\mypro\STM8L10X\工程模版\PROJECT\Release\Obj\stm8l10x_irtim.o
#        D:\userdata\mypro\STM8L10X\工程模版\PROJECT\Release\Obj\stm8l10x_it.o
#        D:\userdata\mypro\STM8L10X\工程模版\PROJECT\Release\Obj\stm8l10x_itc.o
#        D:\userdata\mypro\STM8L10X\工程模版\PROJECT\Release\Obj\stm8l10x_iwdg.o
#        D:\userdata\mypro\STM8L10X\工程模版\PROJECT\Release\Obj\stm8l10x_rst.o
#        D:\userdata\mypro\STM8L10X\工程模版\PROJECT\Release\Obj\stm8l10x_spi.o
#        D:\userdata\mypro\STM8L10X\工程模版\PROJECT\Release\Obj\stm8l10x_tim2.o
#        D:\userdata\mypro\STM8L10X\工程模版\PROJECT\Release\Obj\stm8l10x_tim3.o
#        D:\userdata\mypro\STM8L10X\工程模版\PROJECT\Release\Obj\stm8l10x_tim4.o
#        D:\userdata\mypro\STM8L10X\工程模版\PROJECT\Release\Obj\stm8l10x_usart.o
#        D:\userdata\mypro\STM8L10X\工程模版\PROJECT\Release\Obj\stm8l10x_wfe.o
#        D:\userdata\mypro\STM8L10X\工程模版\PROJECT\Release\Obj\timer.o
#        D:\userdata\mypro\STM8L10X\工程模版\PROJECT\Release\Obj\uart.o
#        --redirect _Printf=_PrintfSmall --redirect _Scanf=_ScanfSmall -o
#        D:\userdata\mypro\STM8L10X\工程模版\PROJECT\Release\Exe\prj1.out --map
#        D:\userdata\mypro\STM8L10X\工程模版\PROJECT\Release\List\prj1.map
#        --config "D:\software\IAR FOR STM8\stm8\config\lnkstm8l101f3.icf"
#        --config_def _CSTACK_SIZE=0x100 --config_def _HEAP_SIZE=0x100 --entry
#        __iar_program_start)
#
###############################################################################

*******************************************************************************
*** RUNTIME MODEL ATTRIBUTES
***

__SystemLibrary            = DLib
__code_model               = small
__core                     = stm8
__data_model               = medium
__dlib_file_descriptor     = 0
__dlib_full_locale_support = 0
__rt_version               = 4


*******************************************************************************
*** PLACEMENT SUMMARY
***

"A0":  place at start of [0x000000-0x0000ff] { rw section .vregs };
"A1":  place at end of [0x000000-0x0005ff] { block CSTACK };
"P2":  place in [from 0x000000 to 0x0005ff] {
          block HEAP, rw section __DLIB_PERTHREAD, rw section .far.bss,
          rw section .far.data, rw section .far.noinit,
          rw section .far_func.textrw, rw section .huge.bss,
          rw section .huge.data, rw section .huge.noinit,
          rw section .huge_func.textrw, rw section .iar.dynexit,
          rw section .near.bss, rw section .near.data, rw section .near.noinit,
          rw section .near_func.textrw };
"A2":  place at start of [0x008000-0x009fff] { block INTVEC };
"P3":  place in [from 0x008000 to 0x009fff] {
          ro section __DLIB_PERTHREAD_init, ro section .far.data_init,
          ro section .far_func.textrw_init, ro section .huge.data_init,
          ro section .huge_func.textrw_init, ro section .iar.init_table,
          ro section .init_array, ro section .near.data_init,
          ro section .near.rodata, ro section .near_func.text,
          ro section .near_func.textrw_init, ro section .tiny.data_init,
          ro section .tiny.rodata_init };
"P4":  place in [from 0x008000 to 0x009fff] {
          ro section .far.rodata, ro section .far_func.text };
"P5":  place in [from 0x008000 to 0x009fff] {
          ro section .huge.rodata, ro section .huge_func.text };
do not initialize {
   rw section .far.noinit, rw section .huge.noinit, rw section .near.noinit,
   rw section .tiny.noinit, rw section .vregs };
initialize by copy {
   rw section .far.bss, rw section .far.data, rw section .far_func.textrw,
   rw section .huge.bss, rw section .huge.data, rw section .huge_func.textrw,
   rw section .iar.dynexit, rw section .near.bss, rw section .near.data,
   rw section .near_func.textrw, rw section .tiny.bss, rw section .tiny.data,
   ro section .tiny.rodata };

  Section            Kind      Address   Size  Object
  -------            ----      -------   ----  ------
"A0":                                    0x10
  .vregs             uninit   0x000000   0x10  vregs.o [4]
                            - 0x000010   0x10

"P2", part 1 of 2:                        0x9
  P2-1                        0x000010    0x9  <Init block>
    .near.data       inited   0x000010    0x9  CC1101.o [1]
                            - 0x000019    0x9

"P2", part 2 of 2:                      0x3f8
  .near.bss          zero     0x000019  0x1f4  uart.o [1]
  .near.bss          zero     0x00020d  0x1f4  uart.o [1]
  .near.bss          zero     0x000401    0x4  timer.o [1]
  .near.bss          zero     0x000405    0x2  stm8l10x_it.o [1]
  .near.bss          zero     0x000407    0x2  uart.o [1]
  .near.bss          zero     0x000409    0x2  uart.o [1]
  .near.bss          zero     0x00040b    0x1  CC1101.o [1]
  .near.bss          zero     0x00040c    0x1  RF.o [1]
  .near.bss          zero     0x00040d    0x1  RF.o [1]
  .near.bss          zero     0x00040e    0x1  stm8l10x_it.o [1]
  .near.bss          zero     0x00040f    0x1  stm8l10x_it.o [1]
  .near.bss          zero     0x000410    0x1  timer.o [1]
                            - 0x000411  0x3f8

"A1":                                   0x100
  CSTACK                      0x000500  0x100  <Block>
    CSTACK           uninit   0x000500  0x100  <Block tail>
                            - 0x000600  0x100

"A2":                                    0x80
  INTVEC                      0x008000   0x80  <Block>
    .intvec          const    0x008000   0x80  interrupt.o [4]
                            - 0x008080   0x80

"P3-P5":                                0xf84
  .near_func.text    ro code  0x008080  0x11f  stm8l10x_exti.o [1]
  .near_func.text    ro code  0x00819f  0x112  stm8l10x_itc.o [1]
  .near_func.text    ro code  0x0082b1   0xde  vreg_util.o [4]
  .near_func.text    ro code  0x00838f   0x9e  long.o [4]
  .near_func.text    ro code  0x00842d   0x90  stm8l10x_usart.o [1]
  .near_func.text    ro code  0x0084bd   0x81  stm8l10x_gpio.o [1]
  .near_func.text    ro code  0x00853e   0x79  GPIO.o [1]
  .near_func.text    ro code  0x0085b7   0x65  uart.o [1]
  .near_func.text    ro code  0x00861c   0x63  main.o [1]
  .near_func.text    ro code  0x00867f   0x56  CC1101.o [1]
  .near_func.text    ro code  0x0086d5   0x56  CC1101.o [1]
  .near_func.text    ro code  0x00872b   0x54  CC1101.o [1]
  .near_func.text    ro code  0x00877f   0x4f  stm8l10x_usart.o [1]
  .near_func.text    ro code  0x0087ce   0x48  stm8l10x_it.o [1]
  .near_func.text    ro code  0x008816   0x45  CC1101.o [1]
  .near_func.text    ro code  0x00885b   0x45  stm8l10x_it.o [1]
  .near_func.text    ro code  0x0088a0   0x3d  stm8l10x_flash.o [1]
  .near_func.text    ro code  0x0088dd   0x3c  stm8l10x_clk.o [1]
  .near_func.text    ro code  0x008919   0x39  spi.o [1]
  .near_func.text    ro code  0x008952   0x38  CC1101.o [1]
  .near_func.text    ro code  0x00898a   0x37  uart.o [1]
  .near_func.text    ro code  0x0089c1   0x33  CC1101.o [1]
  .near_func.text    ro code  0x0089f4   0x32  stm8l10x_it.o [1]
  .near_func.text    ro code  0x008a26   0x30  main.o [1]
  .near_func.text    ro code  0x008a56   0x2f  flash.o [1]
  .near_func.text    ro code  0x008a85   0x2d  stm8l10x_spi.o [1]
  .near.rodata       const    0x008ab2   0x2c  CC1101.o [1]
  .near_func.text    ro code  0x008ade   0x2c  stm8l10x_gpio.o [1]
  .near_func.text    ro code  0x008b0a   0x2c  stm8l10x_usart.o [1]
  .near_func.text    ro code  0x008b36   0x2b  spi.o [1]
  .near_func.text    ro code  0x008b61   0x29  led.o [1]
  .near_func.text    ro code  0x008b8a   0x28  init_small.o [4]
  .near_func.text    ro code  0x008bb2   0x26  spi.o [1]
  .near_func.text    ro code  0x008bd8   0x25  timer.o [1]
  .near_func.text    ro code  0x008bfd   0x23  spi.o [1]
  .near_func.text    ro code  0x008c20   0x21  CC1101.o [1]
  .near_func.text    ro code  0x008c41   0x21  timer.o [1]
  .iar.init_table    const    0x008c62   0x12  - Linker created -
  .near_func.text    ro code  0x008c74   0x20  stm8l10x_tim3.o [1]
  .near_func.text    ro code  0x008c94   0x20  timer.o [1]
  .near_func.text    ro code  0x008cb4   0x1e  CC1101.o [1]
  .near_func.text    ro code  0x008cd2   0x1e  CC1101.o [1]
  .near_func.text    ro code  0x008cf0   0x1e  RF.o [1]
  .near_func.text    ro code  0x008d0e   0x1e  init_small.o [4]
  .near_func.text    ro code  0x008d2c   0x1c  stm8l10x_it.o [1]
  .near_func.text    ro code  0x008d48   0x1b  CC1101.o [1]
  .near_func.text    ro code  0x008d63   0x1a  stm8l10x_clk.o [1]
  .near_func.text    ro code  0x008d7d   0x1a  stm8l10x_tim3.o [1]
  .near_func.text    ro code  0x008d97   0x1a  stm8l10x_tim4.o [1]
  .near_func.text    ro code  0x008db1   0x1a  long_util.o [4]
  .near_func.text    ro code  0x008dcb   0x19  stm8l10x_exti.o [1]
  .near_func.text    ro code  0x008de4   0x19  stm8l10x_flash.o [1]
  .near_func.text    ro code  0x008dfd   0x18  CC1101.o [1]
  .near_func.text    ro code  0x008e15   0x18  stm8l10x_it.o [1]
  .near_func.text    ro code  0x008e2d   0x18  stm8l10x_spi.o [1]
  .near_func.text    ro code  0x008e45   0x15  spi.o [1]
  .near_func.text    ro code  0x008e5a   0x14  CC1101.o [1]
  .near_func.text    ro code  0x008e6e   0x14  init.o [4]
  .near_func.text    ro code  0x008e82   0x13  cstartup.o [4]
  .near_func.text    ro code  0x008e95   0x11  stm8l10x_spi.o [1]
  .near_func.text    ro code  0x008ea6   0x10  stm8l10x_clk.o [1]
  .near_func.text    ro code  0x008eb6    0xf  stm8l10x_flash.o [1]
  .near_func.text    ro code  0x008ec5    0xf  stm8l10x_tim3.o [1]
  .near_func.text    ro code  0x008ed4    0xf  stm8l10x_tim4.o [1]
  .near_func.text    ro code  0x008ee3    0xe  stm8l10x_spi.o [1]
  .near_func.text    ro code  0x008ef1    0xe  stm8l10x_tim3.o [1]
  .near_func.text    ro code  0x008eff    0xe  stm8l10x_tim4.o [1]
  .near_func.text    ro code  0x008f0d    0xe  stm8l10x_usart.o [1]
  .near_func.text    ro code  0x008f1b    0xd  stm8l10x_tim4.o [1]
  .near_func.text    ro code  0x008f28    0xd  short.o [4]
  .near_func.text    ro code  0x008f35    0xd  dc_util.o [4]
  .near_func.text    ro code  0x008f42    0xb  stm8l10x_flash.o [1]
  .near_func.text    ro code  0x008f4d    0xb  stm8l10x_tim3.o [1]
  .near_func.text    ro code  0x008f58    0x9  CC1101.o [1]
  .near_func.text    ro code  0x008f61    0x9  CC1101.o [1]
  .near_func.text    ro code  0x008f6a    0x9  spi.o [1]
  .near_func.text    ro code  0x008f73    0x9  stm8l10x_tim3.o [1]
  .near_func.text    ro code  0x008f7c    0x9  stm8l10x_tim4.o [1]
  Initializer bytes  const    0x008f85    0x9  <for P2-1>
  .near_func.text    ro code  0x008f8e    0x8  CC1101.o [1]
  .near_func.text    ro code  0x008f96    0x8  stm8l10x_gpio.o [1]
  .near_func.text    ro code  0x008f9e    0x7  stm8l10x_gpio.o [1]
  .near_func.text    ro code  0x008fa5    0x7  stm8l10x_gpio.o [1]
  .near_func.text    ro code  0x008fac    0x7  stm8l10x_gpio.o [1]
  .near_func.text    ro code  0x008fb3    0x6  CC1101.o [1]
  .near_func.text    ro code  0x008fb9    0x6  CC1101.o [1]
  .near_func.text    ro code  0x008fbf    0x5  stm8l10x_usart.o [1]
  .near_func.text    ro code  0x008fc4    0x5  stm8l10x_usart.o [1]
  .near_func.text    ro code  0x008fc9    0x5  cexit.o [4]
  .near.rodata       const    0x008fce    0x4  stm8l10x_clk.o [1]
  .near_func.text    ro code  0x008fd2    0x4  stm8l10x_spi.o [1]
  .near_func.text    ro code  0x008fd6    0x4  stm8l10x_spi.o [1]
  .near_func.text    ro code  0x008fda    0x4  stm8l10x_usart.o [1]
  .near_func.text    ro code  0x008fde    0x4  stm8l10x_usart.o [1]
  .near_func.text    ro code  0x008fe2    0x3  interrupt.o [4]
  .near_func.text    ro code  0x008fe5    0x3  low_level_init.o [4]
  .near_func.text    ro code  0x008fe8    0x3  exit.o [4]
  .near_func.text    ro code  0x008feb    0x3  unhandled_exception.o [4]
  .near_func.text    ro code  0x008fee    0x2  stm8l10x_flash.o [1]
  .near_func.text    ro code  0x008ff0    0x2  xxexit.o [3]
  .near_func.text    ro code  0x008ff2    0x1  stm8l10x_it.o [1]
  .near_func.text    ro code  0x008ff3    0x1  stm8l10x_it.o [1]
  .near_func.text    ro code  0x008ff4    0x1  stm8l10x_it.o [1]
  .near_func.text    ro code  0x008ff5    0x1  stm8l10x_it.o [1]
  .near_func.text    ro code  0x008ff6    0x1  stm8l10x_it.o [1]
  .near_func.text    ro code  0x008ff7    0x1  stm8l10x_it.o [1]
  .near_func.text    ro code  0x008ff8    0x1  stm8l10x_it.o [1]
  .near_func.text    ro code  0x008ff9    0x1  stm8l10x_it.o [1]
  .near_func.text    ro code  0x008ffa    0x1  stm8l10x_it.o [1]
  .near_func.text    ro code  0x008ffb    0x1  stm8l10x_it.o [1]
  .near_func.text    ro code  0x008ffc    0x1  stm8l10x_it.o [1]
  .near_func.text    ro code  0x008ffd    0x1  stm8l10x_it.o [1]
  .near_func.text    ro code  0x008ffe    0x1  stm8l10x_it.o [1]
  .near_func.text    ro code  0x008fff    0x1  stm8l10x_it.o [1]
  .near_func.text    ro code  0x009000    0x1  stm8l10x_it.o [1]
  .near_func.text    ro code  0x009001    0x1  stm8l10x_it.o [1]
  .near_func.text    ro code  0x009002    0x1  stm8l10x_it.o [1]
  .near_func.text    ro code  0x009003    0x1  stm8l10x_it.o [1]
                            - 0x009004  0xf84


*******************************************************************************
*** INIT TABLE
***

          Address   Size
          -------   ----
Zero (__iar_zero_init2)
    1 destination range, total size 0x3f8:
          0x000019  0x3f8

Copy (__iar_copy_init2)
    1 source range, total size 0x9:
          0x008f85    0x9
    1 destination range, total size 0x9:
          0x000010    0x9



*******************************************************************************
*** MODULE SUMMARY
***

    Module                 ro code  ro data  rw data
    ------                 -------  -------  -------
D:\userdata\mypro\STM8L10X\工程模版\PROJECT\Release\Obj: [1]
    CC1101.o                   634       53       10
    GPIO.o                     121
    RF.o                        30                 2
    flash.o                     47
    led.o                       41
    main.o                     147
    spi.o                      203
    stm8l10x_clk.o             102        4
    stm8l10x_exti.o            312
    stm8l10x_flash.o           114
    stm8l10x_gpio.o            202
    stm8l10x_it.o              261                 4
    stm8l10x_itc.o             274
    stm8l10x_spi.o             108
    stm8l10x_tim3.o            107
    stm8l10x_tim4.o             77
    stm8l10x_usart.o           299
    timer.o                    102                 5
    uart.o                     156             1 004
    ------------------------------------------------
    Total:                   3 337       57    1 025

command line: [2]
    ------------------------------------------------
    Total:

dbgstm8smn.a: [3]
    xxexit.o                     2
    ------------------------------------------------
    Total:                       2

dlstm8smn.a: [4]
    cexit.o                      5
    cstartup.o                  19
    dc_util.o                   13
    exit.o                       3
    init.o                      20
    init_small.o                70
    interrupt.o                  3      128
    long.o                     158
    long_util.o                 26
    low_level_init.o             3
    short.o                     13
    unhandled_exception.o        3
    vreg_util.o                222
    vregs.o                                       16
    ------------------------------------------------
    Total:                     558      128       16

    Linker created                       18      256
----------------------------------------------------
    Grand Total:             3 897      203    1 297


*******************************************************************************
*** ENTRY LIST
***

Entry                    Address   Size  Type      Object
-----                    -------   ----  ----      ------
.iar.init_table$$Base   0x008c62          --   Gb  - Linker created -
.iar.init_table$$Limit  0x008c74          --   Gb  - Linker created -
?b0                     0x000000         Data  Gb  vregs.o [4]
?b1                     0x000001         Data  Gb  vregs.o [4]
?b10                    0x00000a         Data  Gb  vregs.o [4]
?b11                    0x00000b         Data  Gb  vregs.o [4]
?b12                    0x00000c         Data  Gb  vregs.o [4]
?b13                    0x00000d         Data  Gb  vregs.o [4]
?b14                    0x00000e         Data  Gb  vregs.o [4]
?b15                    0x00000f         Data  Gb  vregs.o [4]
?b2                     0x000002         Data  Gb  vregs.o [4]
?b3                     0x000003         Data  Gb  vregs.o [4]
?b4                     0x000004         Data  Gb  vregs.o [4]
?b5                     0x000005         Data  Gb  vregs.o [4]
?b6                     0x000006         Data  Gb  vregs.o [4]
?b7                     0x000007         Data  Gb  vregs.o [4]
?b8                     0x000008         Data  Gb  vregs.o [4]
?b9                     0x000009         Data  Gb  vregs.o [4]
?dc32_l0                0x008f35         Code  Gb  dc_util.o [4]
?dec32_0x_0x            0x0083a7         Code  Gb  long.o [4]
?dec32_l1_l1            0x0083a2         Code  Gb  long.o [4]
?e0                     0x000001         Data  Gb  vregs.o [4]
?e1                     0x000005         Data  Gb  vregs.o [4]
?e2                     0x000009         Data  Gb  vregs.o [4]
?e3                     0x00000d         Data  Gb  vregs.o [4]
?epilogue_l2            0x00834c         Code  Gb  vreg_util.o [4]
?epilogue_l2_l3         0x008349         Code  Gb  vreg_util.o [4]
?epilogue_l2_w6         0x008350         Code  Gb  vreg_util.o [4]
?epilogue_w4            0x008357         Code  Gb  vreg_util.o [4]
?inc32_0x_0x            0x008394         Code  Gb  long.o [4]
?inc32_l0_l0            0x00838f         Code  Gb  long.o [4]
?l0                     0x000000         Data  Gb  vregs.o [4]
?l1                     0x000004         Data  Gb  vregs.o [4]
?l2                     0x000008         Data  Gb  vregs.o [4]
?l3                     0x00000c         Data  Gb  vregs.o [4]
?load32_0x_l0           0x008dbd         Code  Gb  long_util.o [4]
?load32_l0_0x           0x008db1         Code  Gb  long_util.o [4]
?mov_e0_e3              0x00835e         Code  Gb  vreg_util.o [4]
?mov_e1_e3              0x00836b         Code  Gb  vreg_util.o [4]
?mov_e2_e0              0x008378         Code  Gb  vreg_util.o [4]
?mov_e3_e0              0x008385         Code  Gb  vreg_util.o [4]
?mov_l0_l3              0x00835b         Code  Gb  vreg_util.o [4]
?mov_l1_l3              0x008368         Code  Gb  vreg_util.o [4]
?mov_l2_l0              0x008375         Code  Gb  vreg_util.o [4]
?mov_l3_l0              0x008382         Code  Gb  vreg_util.o [4]
?mov_w1_w7              0x008361         Code  Gb  vreg_util.o [4]
?mov_w3_w7              0x00836e         Code  Gb  vreg_util.o [4]
?mov_w5_w1              0x00837b         Code  Gb  vreg_util.o [4]
?mov_w7_w1              0x008388         Code  Gb  vreg_util.o [4]
?pop_l0                 0x008315         Code  Gb  vreg_util.o [4]
?pop_l1                 0x008320         Code  Gb  vreg_util.o [4]
?pop_l2                 0x00832b         Code  Gb  vreg_util.o [4]
?pop_l3                 0x008336         Code  Gb  vreg_util.o [4]
?pop_w4                 0x0082ce         Code  Gb  vreg_util.o [4]
?pop_w6                 0x0082d5         Code  Gb  vreg_util.o [4]
?push_l0                0x0082e4         Code  Gb  vreg_util.o [4]
?push_l1                0x0082e9         Code  Gb  vreg_util.o [4]
?push_l2                0x0082ee         Code  Gb  vreg_util.o [4]
?push_l3                0x0082f3         Code  Gb  vreg_util.o [4]
?push_w4                0x0082b1         Code  Gb  vreg_util.o [4]
?push_w6                0x0082b6         Code  Gb  vreg_util.o [4]
?sll16_x_x_a            0x008f28         Code  Gb  short.o [4]
?srl16_x_x_4            0x008f30         Code  Gb  short.o [4]
?udiv32_l0_dl_l1        0x0083bb         Code  Gb  long.o [4]
?udiv32_l0_l0_l1        0x0083c0         Code  Gb  long.o [4]
?umod32_l1_l0_l1        0x0083c0         Code  Gb  long.o [4]
?w0                     0x000000         Data  Gb  vregs.o [4]
?w1                     0x000002         Data  Gb  vregs.o [4]
?w2                     0x000004         Data  Gb  vregs.o [4]
?w3                     0x000006         Data  Gb  vregs.o [4]
?w4                     0x000008         Data  Gb  vregs.o [4]
?w5                     0x00000a         Data  Gb  vregs.o [4]
?w6                     0x00000c         Data  Gb  vregs.o [4]
?w7                     0x00000e         Data  Gb  vregs.o [4]
AWU_IRQHandler          0x008ff4    0x1  Code  Gb  stm8l10x_it.o [1]
CC1101ClrRXBuff         0x008f61    0x9  Code  Gb  CC1101.o [1]
CC1101ClrTXBuff         0x008f58    0x9  Code  Gb  CC1101.o [1]
CC1101GetRXCnt          0x008f8e    0x8  Code  Gb  CC1101.o [1]
CC1101Init              0x00872b   0x54  Code  Gb  CC1101.o [1]
CC1101InitData          0x008ab2   0x2c  Data  Lc  CC1101.o [1]
CC1101ReadMultiReg      0x008816   0x45  Code  Gb  CC1101.o [1]
CC1101ReadReg           0x008cb4   0x1e  Code  Gb  CC1101.o [1]
CC1101ReadStatus        0x008cd2   0x1e  Code  Gb  CC1101.o [1]
CC1101RecPacket         0x0086d5   0x56  Code  Gb  CC1101.o [1]
CC1101Reset             0x008c20   0x21  Code  Gb  CC1101.o [1]
CC1101SetAddress        0x00867f   0x56  Code  Gb  CC1101.o [1]
CC1101SetIdle           0x008fb3    0x6  Code  Gb  CC1101.o [1]
CC1101SetSWOR           0x008fb9    0x6  Code  Gb  CC1101.o [1]
CC1101SetSYNC           0x008dfd   0x18  Code  Gb  CC1101.o [1]
CC1101WORInit           0x0089c1   0x33  Code  Gb  CC1101.o [1]
CC1101WriteCmd          0x008e5a   0x14  Code  Gb  CC1101.o [1]
CC1101WriteMultiReg     0x008952   0x38  Code  Gb  CC1101.o [1]
CC1101WriteReg          0x008d48   0x1b  Code  Gb  CC1101.o [1]
CC_CSN_HIGH             0x008f6a    0x9  Code  Gb  spi.o [1]
CC_CSN_LOW              0x008e45   0x15  Code  Gb  spi.o [1]
CC_IRQGPIO_INIT         0x008b36   0x2b  Code  Gb  spi.o [1]
CC_RF_state             0x00040b    0x1  Data  Gb  CC1101.o [1]
CLK_GetClockFreq        0x0088dd   0x3c  Code  Gb  stm8l10x_clk.o [1]
CLK_MasterPrescalerConfig
                        0x008ea6   0x10  Code  Gb  stm8l10x_clk.o [1]
CLK_PeripheralClockConfig
                        0x008d63   0x1a  Code  Gb  stm8l10x_clk.o [1]
COMP_IRQHandler         0x008ffd    0x1  Code  Gb  stm8l10x_it.o [1]
CSTACK$$Base            0x000500          --   Gb  - Linker created -
CSTACK$$Limit           0x000600          --   Gb  - Linker created -
EXGPIO_configuration    0x00853e   0x79  Code  Gb  GPIO.o [1]
EXTI0_IRQHandler        0x008ff7    0x1  Code  Gb  stm8l10x_it.o [1]
EXTI1_IRQHandler        0x008e15   0x18  Code  Gb  stm8l10x_it.o [1]
EXTI2_IRQHandler        0x008d2c   0x1c  Code  Gb  stm8l10x_it.o [1]
EXTI3_IRQHandler        0x008ff8    0x1  Code  Gb  stm8l10x_it.o [1]
EXTI4_IRQHandler        0x008ff9    0x1  Code  Gb  stm8l10x_it.o [1]
EXTI5_IRQHandler        0x008ffa    0x1  Code  Gb  stm8l10x_it.o [1]
EXTI6_IRQHandler        0x008ffb    0x1  Code  Gb  stm8l10x_it.o [1]
EXTI7_IRQHandler        0x008ffc    0x1  Code  Gb  stm8l10x_it.o [1]
EXTIB_IRQHandler        0x008ff5    0x1  Code  Gb  stm8l10x_it.o [1]
EXTID_IRQHandler        0x008ff6    0x1  Code  Gb  stm8l10x_it.o [1]
EXTI_ClearITPendingBit  0x008dcb   0x19  Code  Gb  stm8l10x_exti.o [1]
EXTI_SetPinSensitivity  0x008080  0x11f  Code  Gb  stm8l10x_exti.o [1]
FLASH_IRQHandler        0x008ff3    0x1  Code  Gb  stm8l10x_it.o [1]
FLASH_Lock              0x008f42    0xb  Code  Gb  stm8l10x_flash.o [1]
FLASH_ReadByte          0x008fee    0x2  Code  Gb  stm8l10x_flash.o [1]
FLASH_SetProgrammingTime
                        0x008eb6    0xf  Code  Gb  stm8l10x_flash.o [1]
FLASH_Unlock            0x008de4   0x19  Code  Gb  stm8l10x_flash.o [1]
FLASH_WaitForLastOperation
                        0x0088a0   0x3d  Code  Gb  stm8l10x_flash.o [1]
GPIO_ExternalPullUpConfig
                        0x008ade   0x2c  Code  Gb  stm8l10x_gpio.o [1]
GPIO_Init               0x0084bd   0x81  Code  Gb  stm8l10x_gpio.o [1]
GPIO_ReadInputDataBit   0x008fac    0x7  Code  Gb  stm8l10x_gpio.o [1]
GPIO_ResetBits          0x008f96    0x8  Code  Gb  stm8l10x_gpio.o [1]
GPIO_SetBits            0x008f9e    0x7  Code  Gb  stm8l10x_gpio.o [1]
GPIO_ToggleBits         0x008fa5    0x7  Code  Gb  stm8l10x_gpio.o [1]
GTimeStamp              0x000401    0x4  Data  Gb  timer.o [1]
Global_Counter1         0x00040e    0x1  Data  Gb  stm8l10x_it.o [1]
Global_Counter2         0x00040f    0x1  Data  Gb  stm8l10x_it.o [1]
HSIDivFactor            0x008fce    0x4  Data  Gb  stm8l10x_clk.o [1]
I2C_IRQHandler          0x009003    0x1  Code  Gb  stm8l10x_it.o [1]
INTVEC$$Base            0x008000          --   Gb  - Linker created -
INTVEC$$Limit           0x008080          --   Gb  - Linker created -
ITC_SetSoftwarePriority
                        0x00819f  0x112  Code  Gb  stm8l10x_itc.o [1]
Init_TIM3               0x008c41   0x21  Code  Gb  timer.o [1]
Init_TIM4               0x008bd8   0x25  Code  Gb  timer.o [1]
PaTabel                 0x000010    0x9  Data  Gb  CC1101.o [1]
RF_IRQ_Flag             0x00040d    0x1  Data  Gb  RF.o [1]
RF_configuration        0x008cf0   0x1e  Code  Gb  RF.o [1]
ReadE2PData             0x008a56   0x2f  Code  Gb  flash.o [1]
Region$$Table$$Base     0x008c62          --   Gb  - Linker created -
Region$$Table$$Limit    0x008c74          --   Gb  - Linker created -
SPI_Cmd                 0x008ee3    0xe  Code  Gb  stm8l10x_spi.o [1]
SPI_DeInit              0x008e95   0x11  Code  Gb  stm8l10x_spi.o [1]
SPI_ExchangeByte        0x008bfd   0x23  Code  Gb  spi.o [1]
SPI_GetFlagStatus       0x008e2d   0x18  Code  Gb  stm8l10x_spi.o [1]
SPI_IRQHandler          0x009001    0x1  Code  Gb  stm8l10x_it.o [1]
SPI_Init                0x008a85   0x2d  Code  Gb  stm8l10x_spi.o [1]
SPI_ReceiveData         0x008fd6    0x4  Code  Gb  stm8l10x_spi.o [1]
SPI_SendData            0x008fd2    0x4  Code  Gb  stm8l10x_spi.o [1]
TIM2_CAP_IRQHandler     0x008fff    0x1  Code  Gb  stm8l10x_it.o [1]
TIM2_UPD_OVF_TRG_BRK_IRQHandler
                        0x008ffe    0x1  Code  Gb  stm8l10x_it.o [1]
TIM3_CAP_IRQHandler     0x009000    0x1  Code  Gb  stm8l10x_it.o [1]
TIM3_ClearFlag          0x008f4d    0xb  Code  Gb  stm8l10x_tim3.o [1]
TIM3_Cmd                0x008ef1    0xe  Code  Gb  stm8l10x_tim3.o [1]
TIM3_ITConfig           0x008d7d   0x1a  Code  Gb  stm8l10x_tim3.o [1]
TIM3_SetCounter         0x008f73    0x9  Code  Gb  stm8l10x_tim3.o [1]
TIM3_TimeBaseInit       0x008c74   0x20  Code  Gb  stm8l10x_tim3.o [1]
TIM3_UPD_OVF_TRG_BRK_IRQHandler
                        0x0089f4   0x32  Code  Gb  stm8l10x_it.o [1]
TIM3_UpdateRequestConfig
                        0x008ec5    0xf  Code  Gb  stm8l10x_tim3.o [1]
TIM4_ClearFlag          0x008f7c    0x9  Code  Gb  stm8l10x_tim4.o [1]
TIM4_Cmd                0x008eff    0xe  Code  Gb  stm8l10x_tim4.o [1]
TIM4_ITConfig           0x008d97   0x1a  Code  Gb  stm8l10x_tim4.o [1]
TIM4_TimeBaseInit       0x008f1b    0xd  Code  Gb  stm8l10x_tim4.o [1]
TIM4_UPD_OVF_IRQHandler
                        0x00885b   0x45  Code  Gb  stm8l10x_it.o [1]
TIM4_UpdateRequestConfig
                        0x008ed4    0xf  Code  Gb  stm8l10x_tim4.o [1]
TRAP_IRQHandler         0x008ff2    0x1  Code  Gb  stm8l10x_it.o [1]
USART_ClearFlag         0x008fbf    0x5  Code  Gb  stm8l10x_usart.o [1]
USART_ClearITPendingBit
                        0x008fc4    0x5  Code  Gb  stm8l10x_usart.o [1]
USART_Cmd               0x008f0d    0xe  Code  Gb  stm8l10x_usart.o [1]
USART_GetFlagStatus     0x008b0a   0x2c  Code  Gb  stm8l10x_usart.o [1]
USART_ITConfig          0x00877f   0x4f  Code  Gb  stm8l10x_usart.o [1]
USART_Init              0x00842d   0x90  Code  Gb  stm8l10x_usart.o [1]
USART_RX_IRQHandler     0x0087ce   0x48  Code  Gb  stm8l10x_it.o [1]
USART_ReceiveData8      0x008fda    0x4  Code  Gb  stm8l10x_usart.o [1]
USART_SendData8         0x008fde    0x4  Code  Gb  stm8l10x_usart.o [1]
USART_TX_IRQHandler     0x009002    0x1  Code  Gb  stm8l10x_it.o [1]
WIRELESS_ADDR           0x00040c    0x1  Data  Gb  RF.o [1]
__exit                  0x008ff0    0x2  Code  Gb  xxexit.o [3]
__iar_copy_init2        0x008b8a         Code  Gb  init_small.o [4]
__iar_data_init2        0x008e6e   0x14  Code  Gb  init.o [4]
__iar_program_start     0x008e82         Code  Gb  cstartup.o [4]
__iar_unhandled_exception
                        0x008feb         Code  Gb  unhandled_exception.o [4]
__iar_zero_init2        0x008d0e         Code  Gb  init_small.o [4]
__intvec                0x008000         Data  Gb  interrupt.o [4]
__low_level_init        0x008fe5    0x3  Code  Gb  low_level_init.o [4]
_exit                   0x008fc9         Code  Gb  cexit.o [4]
_interrupt_1            0x008ff2         Code  Gb  stm8l10x_it.o [1]
_interrupt_10           0x008ff7         Code  Gb  stm8l10x_it.o [1]
_interrupt_11           0x008e15         Code  Gb  stm8l10x_it.o [1]
_interrupt_12           0x008d2c         Code  Gb  stm8l10x_it.o [1]
_interrupt_13           0x008ff8         Code  Gb  stm8l10x_it.o [1]
_interrupt_14           0x008ff9         Code  Gb  stm8l10x_it.o [1]
_interrupt_15           0x008ffa         Code  Gb  stm8l10x_it.o [1]
_interrupt_16           0x008ffb         Code  Gb  stm8l10x_it.o [1]
_interrupt_17           0x008ffc         Code  Gb  stm8l10x_it.o [1]
_interrupt_20           0x008ffd         Code  Gb  stm8l10x_it.o [1]
_interrupt_21           0x008ffe         Code  Gb  stm8l10x_it.o [1]
_interrupt_22           0x008fff         Code  Gb  stm8l10x_it.o [1]
_interrupt_23           0x0089f4         Code  Gb  stm8l10x_it.o [1]
_interrupt_24           0x009000         Code  Gb  stm8l10x_it.o [1]
_interrupt_27           0x00885b         Code  Gb  stm8l10x_it.o [1]
_interrupt_28           0x009001         Code  Gb  stm8l10x_it.o [1]
_interrupt_29           0x009002         Code  Gb  stm8l10x_it.o [1]
_interrupt_3            0x008ff3         Code  Gb  stm8l10x_it.o [1]
_interrupt_30           0x0087ce         Code  Gb  stm8l10x_it.o [1]
_interrupt_31           0x009003         Code  Gb  stm8l10x_it.o [1]
_interrupt_6            0x008ff4         Code  Gb  stm8l10x_it.o [1]
_interrupt_8            0x008ff5         Code  Gb  stm8l10x_it.o [1]
_interrupt_9            0x008ff6         Code  Gb  stm8l10x_it.o [1]
exit                    0x008fe8    0x3  Code  Gb  exit.o [4]
led_init                0x008b61   0x29  Code  Gb  led.o [1]
main                    0x00861c   0x63  Code  Gb  main.o [1]
nop_delay               0x008c94   0x20  Code  Gb  timer.o [1]
spi_configuration       0x008bb2   0x26  Code  Gb  spi.o [1]
spi_gpio_init           0x008919   0x39  Code  Gb  spi.o [1]
system_init             0x008a26   0x30  Code  Gb  main.o [1]
uart_configuration      0x0085b7   0x65  Code  Gb  uart.o [1]
uart_receive_count      0x000405    0x2  Data  Gb  stm8l10x_it.o [1]
uart_receive_num        0x000407    0x2  Data  Gb  uart.o [1]
uart_receive_temp       0x000019  0x1f4  Data  Gb  uart.o [1]
uart_receive_timeout_flag
                        0x000410    0x1  Data  Gb  timer.o [1]
uart_send_bits          0x00898a   0x37  Code  Gb  uart.o [1]
uart_send_num           0x000409    0x2  Data  Gb  uart.o [1]
uart_send_temp          0x00020d  0x1f4  Data  Gb  uart.o [1]


[1] = D:\userdata\mypro\STM8L10X\工程模版\PROJECT\Release\Obj
[2] = command line
[3] = dbgstm8smn.a
[4] = dlstm8smn.a

  3 897 bytes of readonly  code memory
    203 bytes of readonly  data memory
  1 297 bytes of readwrite data memory

Errors: none
Warnings: none
